> Task :compileJava UP-TO-DATE
> Task :processResources UP-TO-DATE
> Task :classes UP-TO-DATE
> Task :resolveMainClassName UP-TO-DATE

> Task :bootRun

  .   ____          _            __ _ _
 /\\ / ___'_ __ _ _(_)_ __  __ _ \ \ \ \
( ( )\___ | '_ | '_| | '_ \/ _` | \ \ \ \
 \\/  ___)| |_)| | | | | || (_| |  ) ) ) )
  '  |____| .__|_| |_|_| |_\__, | / / / /
 =========|_|==============|___/=/_/_/_/

 :: Spring Boot ::                (v3.5.3)

2025-08-14T17:25:36.418+09:00  INFO 3904 --- [teamProject] [  restartedMain] c.s.teamProject.TeamProjectApplication   : Starting TeamProjectApplication using Java 17.0.4.1 with PID 3904 (C:\teamProject\teamProject\build\classes\java\main started by Administrator in C:\teamProject\teamProject)
2025-08-14T17:25:36.420+09:00  INFO 3904 --- [teamProject] [  restartedMain] c.s.teamProject.TeamProjectApplication   : No active profile set, falling back to 1 default profile: "default"
2025-08-14T17:25:36.455+09:00  INFO 3904 --- [teamProject] [  restartedMain] .e.DevToolsPropertyDefaultsPostProcessor : Devtools property defaults active! Set 'spring.devtools.add-properties' to 'false' to disable
2025-08-14T17:25:36.455+09:00  INFO 3904 --- [teamProject] [  restartedMain] .e.DevToolsPropertyDefaultsPostProcessor : For additional web related logging consider setting the 'logging.level.web' property to 'DEBUG'
2025-08-14T17:25:37.561+09:00  INFO 3904 --- [teamProject] [  restartedMain] o.s.b.w.embedded.tomcat.TomcatWebServer  : Tomcat initialized with port 8080 (http)
2025-08-14T17:25:37.571+09:00  INFO 3904 --- [teamProject] [  restartedMain] o.apache.catalina.core.StandardService   : Starting service [Tomcat]
2025-08-14T17:25:37.571+09:00  INFO 3904 --- [teamProject] [  restartedMain] o.apache.catalina.core.StandardEngine    : Starting Servlet engine: [Apache Tomcat/10.1.42]
2025-08-14T17:25:37.733+09:00  INFO 3904 --- [teamProject] [  restartedMain] org.apache.jasper.servlet.TldScanner     : At least one JAR was scanned for TLDs yet contained no TLDs. Enable debug logging for this logger for a complete list of JARs that were scanned but no TLDs were found in them. Skipping unneeded JARs during scanning can improve startup time and JSP compilation time.
2025-08-14T17:25:37.738+09:00  INFO 3904 --- [teamProject] [  restartedMain] o.a.c.c.C.[Tomcat].[localhost].[/]       : Initializing Spring embedded WebApplicationContext
2025-08-14T17:25:37.739+09:00  INFO 3904 --- [teamProject] [  restartedMain] w.s.c.ServletWebServerApplicationContext : Root WebApplicationContext: initialization completed in 1284 ms
Firebase Admin SDK initialized successfully with correct database URL.
2025-08-14T17:25:38.378+09:00  INFO 3904 --- [teamProject] [  restartedMain] o.s.b.a.w.s.WelcomePageHandlerMapping    : Adding welcome page template: index
2025-08-14T17:25:38.473+09:00  INFO 3904 --- [teamProject] [  restartedMain] r$InitializeUserDetailsManagerConfigurer : Global AuthenticationManager configured with UserDetailsService bean with name userDetailsServiceImpl
2025-08-14T17:25:38.713+09:00  INFO 3904 --- [teamProject] [  restartedMain] o.s.b.d.a.OptionalLiveReloadServer       : LiveReload server is running on port 35729
2025-08-14T17:25:38.740+09:00  INFO 3904 --- [teamProject] [  restartedMain] o.s.b.w.embedded.tomcat.TomcatWebServer  : Tomcat started on port 8080 (http) with context path '/'
2025-08-14T17:25:38.747+09:00  INFO 3904 --- [teamProject] [  restartedMain] c.s.teamProject.TeamProjectApplication   : Started TeamProjectApplication in 2.623 seconds (process running for 2.912)
2025-08-14T17:25:38.955+09:00  INFO 3904 --- [teamProject] [nio-8080-exec-1] o.a.c.c.C.[Tomcat].[localhost].[/]       : Initializing Spring DispatcherServlet 'dispatcherServlet'
2025-08-14T17:25:38.955+09:00  INFO 3904 --- [teamProject] [nio-8080-exec-1] o.s.web.servlet.DispatcherServlet        : Initializing Servlet 'dispatcherServlet'
2025-08-14T17:25:38.956+09:00  INFO 3904 --- [teamProject] [nio-8080-exec-1] o.s.web.servlet.DispatcherServlet        : Completed initialization in 1 ms
HomeController: / 夸没 贸府凳
2025-08-14T17:25:44.098+09:00  INFO 3904 --- [teamProject] [nio-8080-exec-6] com.zaxxer.hikari.HikariDataSource       : HikariPool-1 - Starting...
2025-08-14T17:25:44.291+09:00  INFO 3904 --- [teamProject] [nio-8080-exec-6] com.zaxxer.hikari.pool.HikariPool        : HikariPool-1 - Added connection com.mysql.cj.jdbc.ConnectionImpl@1cd13bb
2025-08-14T17:25:44.292+09:00  INFO 3904 --- [teamProject] [nio-8080-exec-6] com.zaxxer.hikari.HikariDataSource       : HikariPool-1 - Start completed.
HomeController: / 夸没 贸府凳
HomeController: / 夸没 贸府凳
HomeController: / 夸没 贸府凳
HomeController: / 夸没 贸府凳
HomeController: / 夸没 贸府凳
HomeController: / 夸没 贸府凳
HomeController: / 夸没 贸府凳
HomeController: / 夸没 贸府凳
HomeController: / 夸没 贸府凳
HomeController: / 夸没 贸府凳
HomeController: / 夸没 贸府凳
HomeController: / 夸没 贸府凳
HomeController: / 夸没 贸府凳
HomeController: / 夸没 贸府凳
HomeController: / 夸没 贸府凳
HomeController: / 夸没 贸府凳
HomeController: / 夸没 贸府凳
